[2025-05-26T23:02:54.085-0500][5ms] Heap region size: 1M
[2025-05-26T23:02:54.087-0500][7ms] Using G1
[2025-05-26T23:02:54.087-0500][7ms] Heap address: 0x000000079f000000, size: 1304 MB, Compressed Oops mode: Zero based, Oop shift amount: 3
[2025-05-26T23:02:54.823-0500][743ms] GC(0) Pause Young (Normal) (G1 Evacuation Pause)
[2025-05-26T23:02:54.823-0500][743ms] GC(0) Using 8 workers of 8 for evacuation
[2025-05-26T23:02:54.829-0500][749ms] GC(0)   Pre Evacuate Collection Set: 0.0ms
[2025-05-26T23:02:54.829-0500][749ms] GC(0)   Evacuate Collection Set: 5.3ms
[2025-05-26T23:02:54.829-0500][749ms] GC(0)   Post Evacuate Collection Set: 0.5ms
[2025-05-26T23:02:54.829-0500][749ms] GC(0)   Other: 0.6ms
[2025-05-26T23:02:54.829-0500][749ms] GC(0) Eden regions: 65->0(56)
[2025-05-26T23:02:54.829-0500][749ms] GC(0) Survivor regions: 0->9(9)
[2025-05-26T23:02:54.829-0500][749ms] GC(0) Old regions: 0->1
[2025-05-26T23:02:54.829-0500][749ms] GC(0) Humongous regions: 0->0
[2025-05-26T23:02:54.829-0500][749ms] GC(0) Metaspace: 24298K(26112K)->24298K(26112K) NonClass: 21626K(22784K)->21626K(22784K) Class: 2671K(3328K)->2671K(3328K)
[2025-05-26T23:02:54.829-0500][749ms] GC(0) Pause Young (Normal) (G1 Evacuation Pause) 65M->9M(1304M) 6.461ms
[2025-05-26T23:02:54.829-0500][749ms] GC(0) User=0.04s Sys=0.01s Real=0.00s
[2025-05-26T23:02:54.937-0500][857ms] GC(1) Pause Young (Normal) (G1 Evacuation Pause)
[2025-05-26T23:02:54.937-0500][857ms] GC(1) Using 8 workers of 8 for evacuation
[2025-05-26T23:02:54.944-0500][864ms] GC(1)   Pre Evacuate Collection Set: 0.1ms
[2025-05-26T23:02:54.944-0500][864ms] GC(1)   Evacuate Collection Set: 6.0ms
[2025-05-26T23:02:54.944-0500][864ms] GC(1)   Post Evacuate Collection Set: 0.4ms
[2025-05-26T23:02:54.944-0500][864ms] GC(1)   Other: 0.1ms
[2025-05-26T23:02:54.944-0500][864ms] GC(1) Eden regions: 56->0(61)
[2025-05-26T23:02:54.944-0500][864ms] GC(1) Survivor regions: 9->9(9)
[2025-05-26T23:02:54.944-0500][864ms] GC(1) Old regions: 1->10
[2025-05-26T23:02:54.944-0500][864ms] GC(1) Humongous regions: 0->0
[2025-05-26T23:02:54.944-0500][864ms] GC(1) Metaspace: 28469K(31872K)->28469K(31872K) NonClass: 25294K(27648K)->25294K(27648K) Class: 3175K(4224K)->3175K(4224K)
[2025-05-26T23:02:54.944-0500][864ms] GC(1) Pause Young (Normal) (G1 Evacuation Pause) 65M->18M(1304M) 6.677ms
[2025-05-26T23:02:54.944-0500][864ms] GC(1) User=0.03s Sys=0.01s Real=0.01s
[2025-05-26T23:02:55.216-0500][1136ms] GC(2) Pause Young (Normal) (G1 Evacuation Pause)
[2025-05-26T23:02:55.216-0500][1136ms] GC(2) Using 8 workers of 8 for evacuation
[2025-05-26T23:02:55.220-0500][1140ms] GC(2)   Pre Evacuate Collection Set: 0.0ms
[2025-05-26T23:02:55.220-0500][1140ms] GC(2)   Evacuate Collection Set: 4.3ms
[2025-05-26T23:02:55.220-0500][1140ms] GC(2)   Post Evacuate Collection Set: 0.3ms
[2025-05-26T23:02:55.220-0500][1140ms] GC(2)   Other: 0.1ms
[2025-05-26T23:02:55.220-0500][1140ms] GC(2) Eden regions: 61->0(82)
[2025-05-26T23:02:55.220-0500][1140ms] GC(2) Survivor regions: 9->9(9)
[2025-05-26T23:02:55.220-0500][1140ms] GC(2) Old regions: 10->19
[2025-05-26T23:02:55.221-0500][1141ms] GC(2) Humongous regions: 1->1
[2025-05-26T23:02:55.221-0500][1141ms] GC(2) Metaspace: 41882K(46848K)->41882K(46848K) NonClass: 36652K(40192K)->36652K(40192K) Class: 5230K(6656K)->5230K(6656K)
[2025-05-26T23:02:55.221-0500][1141ms] GC(2) Pause Young (Normal) (G1 Evacuation Pause) 80M->27M(1304M) 4.801ms
[2025-05-26T23:02:55.221-0500][1141ms] GC(2) User=0.03s Sys=0.00s Real=0.01s
[2025-05-26T23:02:55.782-0500][1703ms] GC(3) Pause Young (Normal) (G1 Evacuation Pause)
[2025-05-26T23:02:55.783-0500][1703ms] GC(3) Using 8 workers of 8 for evacuation
[2025-05-26T23:02:55.790-0500][1710ms] GC(3)   Pre Evacuate Collection Set: 0.0ms
[2025-05-26T23:02:55.790-0500][1710ms] GC(3)   Evacuate Collection Set: 7.4ms
[2025-05-26T23:02:55.790-0500][1710ms] GC(3)   Post Evacuate Collection Set: 0.4ms
[2025-05-26T23:02:55.790-0500][1710ms] GC(3)   Other: 0.1ms
[2025-05-26T23:02:55.790-0500][1710ms] GC(3) Eden regions: 82->0(425)
[2025-05-26T23:02:55.790-0500][1710ms] GC(3) Survivor regions: 9->10(12)
[2025-05-26T23:02:55.790-0500][1710ms] GC(3) Old regions: 19->27
[2025-05-26T23:02:55.790-0500][1710ms] GC(3) Humongous regions: 1->1
[2025-05-26T23:02:55.790-0500][1710ms] GC(3) Metaspace: 60426K(67968K)->60426K(67968K) NonClass: 52876K(58112K)->52876K(58112K) Class: 7550K(9856K)->7550K(9856K)
[2025-05-26T23:02:55.790-0500][1710ms] GC(3) Pause Young (Normal) (G1 Evacuation Pause) 109M->37M(1304M) 7.995ms
[2025-05-26T23:02:55.791-0500][1711ms] GC(3) User=0.04s Sys=0.00s Real=0.01s
[2025-05-26T23:02:58.727-0500][4648ms] GC(4) Pause Young (Normal) (G1 Evacuation Pause)
[2025-05-26T23:02:58.728-0500][4648ms] GC(4) Using 8 workers of 8 for evacuation
[2025-05-26T23:02:58.755-0500][4675ms] GC(4)   Pre Evacuate Collection Set: 0.4ms
[2025-05-26T23:02:58.756-0500][4676ms] GC(4)   Evacuate Collection Set: 25.7ms
[2025-05-26T23:02:58.756-0500][4676ms] GC(4)   Post Evacuate Collection Set: 1.1ms
[2025-05-26T23:02:58.756-0500][4676ms] GC(4)   Other: 0.9ms
[2025-05-26T23:02:58.756-0500][4676ms] GC(4) Eden regions: 271->0(341)
[2025-05-26T23:02:58.756-0500][4676ms] GC(4) Survivor regions: 10->23(36)
[2025-05-26T23:02:58.756-0500][4676ms] GC(4) Old regions: 27->27
[2025-05-26T23:02:58.756-0500][4676ms] GC(4) Humongous regions: 1->1
[2025-05-26T23:02:58.756-0500][4676ms] GC(4) Metaspace: 87577K(96384K)->87577K(96384K) NonClass: 76341K(82176K)->76341K(82176K) Class: 11235K(14208K)->11235K(14208K)
[2025-05-26T23:02:58.756-0500][4676ms] GC(4) Pause Young (Normal) (G1 Evacuation Pause) 308M->49M(1304M) 28.164ms
[2025-05-26T23:02:58.756-0500][4676ms] GC(4) User=0.09s Sys=0.04s Real=0.03s
[2025-05-26T23:03:13.906-0500][19826ms] GC(5) Pause Young (Concurrent Start) (Metadata GC Threshold)
[2025-05-26T23:03:13.906-0500][19826ms] GC(5) Using 8 workers of 8 for evacuation
[2025-05-26T23:03:13.922-0500][19842ms] GC(5)   Pre Evacuate Collection Set: 0.9ms
[2025-05-26T23:03:13.922-0500][19842ms] GC(5)   Evacuate Collection Set: 13.8ms
[2025-05-26T23:03:13.922-0500][19842ms] GC(5)   Post Evacuate Collection Set: 0.5ms
[2025-05-26T23:03:13.922-0500][19842ms] GC(5)   Other: 1.1ms
[2025-05-26T23:03:13.922-0500][19842ms] GC(5) Eden regions: 11->0(415)
[2025-05-26T23:03:13.922-0500][19842ms] GC(5) Survivor regions: 23->24(44)
[2025-05-26T23:03:13.922-0500][19842ms] GC(5) Old regions: 27->27
[2025-05-26T23:03:13.922-0500][19842ms] GC(5) Humongous regions: 1->1
[2025-05-26T23:03:13.922-0500][19842ms] GC(5) Metaspace: 89430K(98304K)->89430K(98304K) NonClass: 78008K(83968K)->78008K(83968K) Class: 11422K(14336K)->11422K(14336K)
[2025-05-26T23:03:13.923-0500][19843ms] GC(5) Pause Young (Concurrent Start) (Metadata GC Threshold) 60M->51M(1304M) 16.429ms
[2025-05-26T23:03:13.923-0500][19843ms] GC(5) User=0.04s Sys=0.05s Real=0.02s
[2025-05-26T23:03:13.923-0500][19843ms] GC(6) Concurrent Cycle
[2025-05-26T23:03:13.923-0500][19843ms] GC(6) Concurrent Clear Claimed Marks
[2025-05-26T23:03:13.923-0500][19843ms] GC(6) Concurrent Clear Claimed Marks 0.130ms
[2025-05-26T23:03:13.923-0500][19843ms] GC(6) Concurrent Scan Root Regions
[2025-05-26T23:03:13.930-0500][19850ms] GC(6) Concurrent Scan Root Regions 6.511ms
[2025-05-26T23:03:13.930-0500][19850ms] GC(6) Concurrent Mark (19.829s)
[2025-05-26T23:03:13.930-0500][19850ms] GC(6) Concurrent Mark From Roots
[2025-05-26T23:03:13.930-0500][19850ms] GC(6) Using 2 workers of 2 for marking
[2025-05-26T23:03:13.942-0500][19862ms] GC(6) Concurrent Mark From Roots 12.163ms
[2025-05-26T23:03:13.942-0500][19862ms] GC(6) Concurrent Preclean
[2025-05-26T23:03:13.942-0500][19862ms] GC(6) Concurrent Preclean 0.154ms
[2025-05-26T23:03:13.942-0500][19862ms] GC(6) Concurrent Mark (19.829s, 19.841s) 12.392ms
[2025-05-26T23:03:13.943-0500][19863ms] GC(6) Pause Remark
[2025-05-26T23:03:13.965-0500][19885ms] GC(6) Cleaned string and symbol table, strings: 41767 processed, 36 removed, symbols: 250178 processed, 314 removed
[2025-05-26T23:03:13.966-0500][19886ms] GC(6) Pause Remark 52M->52M(1304M) 22.970ms
[2025-05-26T23:03:13.966-0500][19886ms] GC(6) User=0.06s Sys=0.06s Real=0.02s
[2025-05-26T23:03:13.966-0500][19886ms] GC(6) Concurrent Rebuild Remembered Sets
[2025-05-26T23:03:13.974-0500][19894ms] GC(6) Concurrent Rebuild Remembered Sets 8.704ms
[2025-05-26T23:03:13.975-0500][19895ms] GC(6) Pause Cleanup
[2025-05-26T23:03:13.975-0500][19895ms] GC(6) Pause Cleanup 52M->52M(1304M) 0.135ms
[2025-05-26T23:03:13.975-0500][19895ms] GC(6) User=0.00s Sys=0.00s Real=0.00s
[2025-05-26T23:03:13.975-0500][19895ms] GC(6) Concurrent Cleanup for Next Mark
[2025-05-26T23:03:13.977-0500][19897ms] GC(6) Concurrent Cleanup for Next Mark 2.163ms
[2025-05-26T23:03:13.977-0500][19897ms] GC(6) Concurrent Cycle 54.067ms
[2025-05-26T23:04:20.722-0500][86642ms] Heap
[2025-05-26T23:04:20.722-0500][86642ms]  garbage-first heap   total 1335296K, used 80236K [0x000000079f000000, 0x00000007f0800000)
[2025-05-26T23:04:20.722-0500][86642ms]   region size 1024K, 53 young (54272K), 24 survivors (24576K)
[2025-05-26T23:04:20.722-0500][86642ms]  Metaspace       used 92103K, capacity 101071K, committed 101312K, reserved 342016K
[2025-05-26T23:04:20.722-0500][86642ms]   class space    used 11755K, capacity 14736K, committed 14848K, reserved 253952K
